index.html
form_001.html
form_002.html
form_003.html
form_004.html
form_005.html
form_006.html
form_007.html
form_008.html
form_009.html
form_010.html
form_011.html
form_012.html
form_013.html
form_014.html
form_015.html
form_016.html
form_017.html
form_018.html
form_019.html
form_020.html
form_021.html
form_022.html
form_023.html
form_024.html
form_025.html
form_026.html
form_027.html
form_028.html
form_029.html
form_030.html
form_031.html
form_032.html
form_033.html
form_034.html
form_035.html
form_036.html
form_037.html
form_038.html
form_039.html
form_040.html
form_041.html
teacher_000.html
teacher_001.html
teacher_002.html
teacher_003.html
teacher_004.html
teacher_005.html
teacher_006.html
teacher_007.html
teacher_008.html
teacher_009.html
teacher_010.html
teacher_011.html
teacher_012.html
teacher_013.html
teacher_014.html
teacher_015.html
teacher_016.html
teacher_017.html
teacher_018.html
teacher_019.html
teacher_020.html
teacher_021.html
teacher_022.html
teacher_023.html
teacher_024.html
teacher_025.html
teacher_026.html
teacher_027.html
teacher_028.html
teacher_029.html
teacher_030.html
teacher_031.html
teacher_032.html
teacher_033.html
teacher_034.html
teacher_035.html
teacher_036.html
teacher_037.html
teacher_038.html
teacher_039.html
teacher_040.html
teacher_041.html
teacher_042.html
teacher_043.html
teacher_044.html
teacher_045.html
teacher_046.html
teacher_047.html
teacher_048.html
teacher_049.html
teacher_050.html
teacher_051.html
teacher_052.html
teacher_053.html
teacher_054.html
teacher_055.html
teacher_056.html
teacher_057.html
teacher_058.html
room_000.html
room_001.html
room_002.html
room_003.html
room_004.html
room_005.html
room_006.html
room_007.html
room_008.html
room_009.html
room_010.html
room_011.html
room_012.html
room_013.html
room_014.html
room_015.html
room_016.html
room_017.html
room_018.html
room_019.html
room_020.html
room_021.html
room_022.html
room_023.html
room_024.html
room_025.html
room_026.html
room_027.html
room_028.html
room_029.html
room_030.html
room_031.html
room_032.html
sum_forms.html
sum_teachers.html
sum_rooms.html
exportsty.css
equal2.gif
plus2.gif
minus2.gif
prev.gif
next.gif
